[www.nextgenpanels.com/index.html]
[backblue.gif]
[fade.gif]
[index.html]
[www.nextgenpanels.com/assets/css/bootstrap.min.css]
[www.nextgenpanels.com/assets/css/custom-bootstrap.css]
[www.nextgenpanels.com/assets/css/animate.min.css]
[www.nextgenpanels.com/assets/css/custom-animation.css]
[www.nextgenpanels.com/assets/css/fontawesome.min.css]
[www.nextgenpanels.com/assets/css/meanmenu.css]
[www.nextgenpanels.com/assets/css/flaticon.css]
[www.nextgenpanels.com/assets/css/nice-select.css]
[www.nextgenpanels.com/assets/css/venobox.min.css]
[www.nextgenpanels.com/assets/css/backToTop.css]
[www.nextgenpanels.com/assets/css/slick.css]
[www.nextgenpanels.com/assets/css/owl.carousel.min.css]
[www.nextgenpanels.com/assets/css/swiper-bundle.css]
[www.nextgenpanels.com/assets/css/default.css]
[www.nextgenpanels.com/assets/css/main.css]
[www.nextgenpanels.com/assets/css/model-custom.css]
[www.nextgenpanels.com/assets/css/sidebar-btn.css]
[cdnjs.cloudflare.com/ajax/libs/fancybox/2.1.4/jquery.fancybox.css]
[www.nextgenpanels.com/assets/img/logo.png]
[www.nextgenpanels.com/captcha.png]
[www.nextgenpanels.com/index-2.html]
[www.nextgenpanels.com/about-us.html]
[www.nextgenpanels.com/our-products.html]
[www.nextgenpanels.com/certificate.html]
[www.nextgenpanels.com/industries-we-serve.html]
[www.nextgenpanels.com/gallery.html]
[www.nextgenpanels.com/contact.html]
[www.nextgenpanels.com/assets/img/nexgen-banner-1.jpg]
[www.nextgenpanels.com/assets/img/nexgen-banner-2.jpg]
[www.nextgenpanels.com/assets/img/nexgen-banner-3.jpg]
[www.nextgenpanels.com/assets/img/nexgen-banner-4.jpg]
[www.nextgenpanels.com/assets/img/nexgen-banner-5.jpg]
[www.nextgenpanels.com/assets/img/about-us/about-icon.png]
[www.nextgenpanels.com/assets/img/about-us/about-us-1.jpg]
[www.nextgenpanels.com/assets/img/about-us/about-us-2.jpg]
[www.nextgenpanels.com/assets/img/certificate/cpri.png]
[www.nextgenpanels.com/assets/img/certificate/eiaci.png]
[www.nextgenpanels.com/assets/img/certificate/iaf.png]
[www.nextgenpanels.com/assets/img/certificate/iso.png]
[www.nextgenpanels.com/assets/img/certificate/msme.png]
[www.nextgenpanels.com/assets/img/certificate/rohs.png]
[www.nextgenpanels.com/assets/img/home-products/Home-products-left.jpg]
[www.nextgenpanels.com/assets/img/home-products/Automatic-Power-Factor-Control-Panels.jpg]
[www.nextgenpanels.com/automatic-power-factor-correction-panels.html]
[www.nextgenpanels.com/assets/img/home-products/Motor-Control.jpg]
[www.nextgenpanels.com/motor-control-center-mcc-panel.html]
[www.nextgenpanels.com/assets/img/home-products/power-control.jpg]
[www.nextgenpanels.com/power-control-center-pcc-panels.html]
[www.nextgenpanels.com/assets/img/why-choose-us/manufacuturing-unit.png]
[www.nextgenpanels.com/assets/img/why-choose-us/7-tankpower-coating.png]
[www.nextgenpanels.com/assets/img/why-choose-us/assembly-and-wiring.png]
[www.nextgenpanels.com/assets/img/why-choose-us/Performance-Test-Facility.png]
[www.nextgenpanels.com/assets/img/why-choose-us/cpri-approved.png]
[www.nextgenpanels.com/assets/img/why-choose-us/iso-9001-2015-certified.png]
[www.nextgenpanels.com/assets/img/why-choose-us/why-choose-image.jpg]
[www.nextgenpanels.com/assets/img/experience.png]
[www.nextgenpanels.com/assets/img/happy-client.png]
[www.nextgenpanels.com/assets/img/products.png]
[www.nextgenpanels.com/assets/img/industries-we-serve/chemical.jpg]
[www.nextgenpanels.com/assets/img/industries-we-serve/mining.jpg]
[www.nextgenpanels.com/assets/img/industries-we-serve/oil-and-gas.jpg]
[www.nextgenpanels.com/assets/img/industries-we-serve/pharma.jpg]
[www.nextgenpanels.com/assets/img/industries-we-serve/power-plant.jpg]
[www.nextgenpanels.com/assets/img/industries-we-serve/solar.jpg]
[www.nextgenpanels.com/assets/img/industries-we-serve/steel.jpg]
[www.nextgenpanels.com/assets/img/industries-we-serve/textile.jpg]
[www.nextgenpanels.com/index.html]
[www.nextgenpanels.com/assets/css/bootstrap.min.css]
[cdnjs.cloudflare.com/ajax/libs/fancybox/2.1.4/jquery.fancybox.pack.js]
[www.nextgenpanels.com/assets/css/custom-bootstrap.css]
[www.nextgenpanels.com/assets/css/animate.min.css]
[www.nextgenpanels.com/assets/css/custom-animation.css]
[www.nextgenpanels.com/assets/fonts/fa-regular-400.woff2]
[www.nextgenpanels.com/assets/fonts/fa-solid-900.woff2]
[www.nextgenpanels.com/assets/css/fontawesome.min.css]
[www.nextgenpanels.com/assets/css/meanmenu.css]
[www.nextgenpanels.com/assets/css/flaticon.css]
[www.nextgenpanels.com/assets/css/nice-select.css]
[www.nextgenpanels.com/assets/css/venobox.min.css]
[www.nextgenpanels.com/assets/css/backToTop.css]
[www.nextgenpanels.com/assets/css/slick.css]
[www.nextgenpanels.com/assets/css/owl.carousel.min.css]
[www.nextgenpanels.com/assets/css/swiper-bundle.css]
[www.nextgenpanels.com/assets/css/default.css]
[www.nextgenpanels.com/assets/css/main.css]
[www.nextgenpanels.com/assets/css/model-custom.css]
[www.nextgenpanels.com/assets/css/sidebar-btn.css]
[cdnjs.cloudflare.com/ajax/libs/fancybox/2.1.4/fancybox_sprite.png]
[cdnjs.cloudflare.com/ajax/libs/fancybox/2.1.4/fancybox_loading.gif]
[cdnjs.cloudflare.com/ajax/libs/fancybox/2.1.4/blank.gif]
[cdnjs.cloudflare.com/ajax/libs/fancybox/2.1.4/fancybox_overlay.png]
[cdnjs.cloudflare.com/ajax/libs/fancybox/2.1.4/jquery.fancybox.css]
[www.googletagmanager.com/gtm5445.html]
[www.nextgenpanels.com/index-2.html]
[www.nextgenpanels.com/about-us.html]
[www.nextgenpanels.com/our-products.html]
[www.nextgenpanels.com/certificate.html]
[www.nextgenpanels.com/industries-we-serve.html]
[www.nextgenpanels.com/gallery.html]
[www.nextgenpanels.com/contact.html]
[www.nextgenpanels.com/index-3.html]
[www.nextgenpanels.com/automatic-power-factor-correction-panels.html]
[www.nextgenpanels.com/motor-control-center-mcc-panel.html]
[www.nextgenpanels.com/power-control-center-pcc-panels.html]
[www.nextgenpanels.com/assets/img/make-in-india.html]
[www.nextgenpanels.com/synchronizing-and-auto-load-sharing-panel.html]
[www.nextgenpanels.com/automatic-mains-failure-amf-panel.html]
[www.nextgenpanels.com/power-factor-control-panels.html]
[www.nextgenpanels.com/dg-set-control-panels.html]
[www.nextgenpanels.com/assets/js/jquery-1.12.4.min.html]
[www.nextgenpanels.com/assets/js/bootstrap.bundle.min.html]
[www.nextgenpanels.com/assets/js/isotope.pkgd.min.html]
[www.nextgenpanels.com/assets/js/slick.min.html]
[www.nextgenpanels.com/assets/js/swiper-bundle.html]
[www.nextgenpanels.com/assets/js/waypoints.min.html]
[www.nextgenpanels.com/assets/js/jquery.nice-select.min.html]
[www.nextgenpanels.com/assets/js/venobox.min.html]
[www.nextgenpanels.com/assets/js/backToTop.html]
[www.nextgenpanels.com/assets/js/jquery.meanmenu.min.html]
[www.nextgenpanels.com/assets/js/imagesloaded.pkgd.min.html]
[www.nextgenpanels.com/assets/js/owl.carousel.min.html]
[www.nextgenpanels.com/assets/js/jquery.counterup.min.html]
[www.nextgenpanels.com/assets/js/wow.min.html]
[www.nextgenpanels.com/assets/js/main.html]
[www.nextgenpanels.com/assets/js/index.html]
[www.nextgenpanels.com/assets/js/jquery.validate.min.html]
[www.nextgenpanels.com/assets/js/form-buzz.html]
[www.nextgenpanels.com/assets/fonts/glyphicons-halflings-regular.html]
[www.nextgenpanels.com/assets/fonts/glyphicons-halflings-regulard41d.html]
[www.nextgenpanels.com/assets/fonts/glyphicons-halflings-regular-2.html]
[www.nextgenpanels.com/assets/fonts/glyphicons-halflings-regular-3.html]
[www.nextgenpanels.com/assets/fonts/glyphicons-halflings-regular-4.html]
[www.nextgenpanels.com/assets/fonts/glyphicons-halflings-regular-5.html]
[www.nextgenpanels.com/assets/fonts/fa-brands-400.html]
[www.nextgenpanels.com/assets/fonts/fa-brands-400d41dd41d.html]
[www.nextgenpanels.com/assets/fonts/fa-brands-401.html]
[www.nextgenpanels.com/assets/fonts/fa-brands-402.html]
[www.nextgenpanels.com/assets/fonts/fa-brands-403.html]
[www.nextgenpanels.com/assets/fonts/fa-brands-404.html]
[www.nextgenpanels.com/assets/fonts/fa-duotone-900.html]
[www.nextgenpanels.com/assets/fonts/fa-duotone-900d41dd41d.html]
[www.nextgenpanels.com/assets/fonts/fa-duotone-901.html]
[www.nextgenpanels.com/assets/fonts/fa-duotone-902.html]
[www.nextgenpanels.com/assets/fonts/fa-duotone-903.html]
[www.nextgenpanels.com/assets/fonts/fa-duotone-904.html]
[www.nextgenpanels.com/assets/fonts/fa-light-300.html]
[www.nextgenpanels.com/assets/fonts/fa-light-300d41dd41d.html]
[www.nextgenpanels.com/assets/fonts/fa-light-301.html]
[www.nextgenpanels.com/assets/fonts/fa-light-302.html]
[www.nextgenpanels.com/assets/fonts/fa-light-303.html]
[www.nextgenpanels.com/assets/fonts/fa-light-304.html]
[www.nextgenpanels.com/assets/fonts/fa-regular-400.html]
[www.nextgenpanels.com/assets/fonts/fa-regular-400d41dd41d.html]
[www.nextgenpanels.com/assets/fonts/fa-regular-401.html]
[www.nextgenpanels.com/assets/fonts/fa-regular-402.html]
[www.nextgenpanels.com/assets/fonts/fa-regular-403.html]
[www.nextgenpanels.com/assets/fonts/fa-solid-900.html]
[www.nextgenpanels.com/assets/fonts/fa-solid-900d41dd41d.html]
[www.nextgenpanels.com/assets/fonts/fa-solid-901.html]
[www.nextgenpanels.com/assets/fonts/fa-solid-902.html]
[www.nextgenpanels.com/assets/fonts/fa-solid-903.html]
[www.nextgenpanels.com/assets/fonts/flaticon8ff88ff8.html]
[www.nextgenpanels.com/assets/fonts/flaticon8ff88ff8-2.html]
[www.nextgenpanels.com/assets/fonts/flaticon8ff88ff8-3.html]
[www.nextgenpanels.com/assets/fonts/flaticon8ff88ff8-4.html]
[www.nextgenpanels.com/assets/fonts/flaticon8ff88ff8-5.html]
[www.nextgenpanels.com/assets/css/owl.video.play.html]
[www.nextgenpanels.com/assets/img/hero/hero-text-shape.html]
[www.nextgenpanels.com/assets/img/breadcums/about-us.html]
[www.nextgenpanels.com/assets/img/about-us.html]
[www.nextgenpanels.com/assets/img/breadcums/gallery.html]
[www.nextgenpanels.com/assets/img/inner-pages-products/power-control.html]
[www.nextgenpanels.com/assets/img/inner-pages-products/Motor-Control.html]
[www.nextgenpanels.com/assets/img/inner-pages-products/Automatic-Power-Factor-Control-Panels.html]
[www.nextgenpanels.com/assets/img/inner-pages-products/Synchronizing-and-Auto-Load-Sharing-Panel.html]
[www.nextgenpanels.com/assets/img/inner-pages-products/Automatic-Mains-Failure-Panel.html]
[www.nextgenpanels.com/assets/img/inner-pages-products/Power-Factor-Control-Panels.html]
[www.nextgenpanels.com/assets/img/inner-pages-products/DG-Set-Control-Panels.html]
[www.nextgenpanels.com/power-distribution-panels.html]
[www.nextgenpanels.com/assets/img/inner-pages-products/Power-Distribution-Panel.html]
[www.nextgenpanels.com/low-tension-control-panels.html]
[www.nextgenpanels.com/assets/img/inner-pages-products/Low-Tension-Control-Panel.html]
[www.nextgenpanels.com/dg-synchronization-panels.html]
[www.nextgenpanels.com/assets/img/inner-pages-products/DG-Synchronization-Panel.html]
[www.nextgenpanels.com/power-control-center-panel-boards.html]
[www.nextgenpanels.com/assets/img/inner-pages-products/Power-Control-Center-Panel-Boards.html]
[www.nextgenpanels.com/fire-hydrant-control-panel.html]
[www.nextgenpanels.com/assets/img/inner-pages-products/Fire-Hydrant-Control-Panel.html]
[www.nextgenpanels.com/vfd-based-control-panel.html]
[www.nextgenpanels.com/assets/img/inner-pages-products/VFD-Based-Control-Panel-VFD-Panel-Manufacturer.html]
[www.nextgenpanels.com/feeder-pillar-panel.html]
[www.nextgenpanels.com/assets/img/inner-pages-products/Feeder-Pillar-Panel.html]
[www.nextgenpanels.com/gi-cable-tray.html]
[www.nextgenpanels.com/assets/img/inner-pages-products/Gi-Cable-Tray.html]
[www.nextgenpanels.com/assets/img/breadcums/certificate.html]
[www.nextgenpanels.com/assets/img/inner-certificate/ngpc-cpri-short-ckt-certi.html]
[www.nextgenpanels.com/assets/img/inner-certificate/ngpc-iso-10-09-21.html]
[www.nextgenpanels.com/assets/img/inner-certificate/ngpc-msme-certificatee.html]
[www.nextgenpanels.com/assets/img/breadcums/industries.html]
[www.nextgenpanels.com/assets/img/inner-industries-we-serve/chemical.html]
[www.nextgenpanels.com/assets/img/inner-industries-we-serve/mining.html]
[www.nextgenpanels.com/assets/img/inner-industries-we-serve/oil-&-gas.html]
[www.nextgenpanels.com/assets/img/inner-industries-we-serve/pharmaceuticals.html]
[www.nextgenpanels.com/assets/img/inner-industries-we-serve/power-plant.html]
[www.nextgenpanels.com/assets/img/inner-industries-we-serve/solar.html]
[www.nextgenpanels.com/assets/img/inner-industries-we-serve/steel.html]
[www.nextgenpanels.com/assets/img/inner-industries-we-serve/textile.html]
[www.nextgenpanels.com/assets/img/inner-industries-we-serve/petroleum.html]
[www.nextgenpanels.com/assets/img/inner-pages-products/Auto-Mains-Failure-Panels.html]
[www.nextgenpanels.com/assets/img/breadcums/contact-us.html]
[cdn.widgetpack.com/widget.js]
